<html>
<body>
<pre>
<h1>礦ision Build Log</h1>
<h2>Tool Versions:</h2>
IDE-Version: μVision V5.14.0.0
Copyright (C) 2015 ARM Ltd and ARM Germany GmbH. All rights reserved.
License Information: 1 39643, 1, LIC=1WSAR-KSVVP-MQH0F-65QPD-MR377-XZXRI
 
Tool Versions:
Toolchain:       MDK-ARM Professional  Version: 5.14.0.0
Toolchain Path:  D:\Keil_v5\ARM\ARMCC\Bin
C Compiler:      Armcc.exe V5.05 update 1 (build 106)
Assembler:       Armasm.exe V5.05 update 1 (build 106)
Linker/Locator:  ArmLink.exe V5.05 update 1 (build 106)
Library Manager: ArmAr.exe V5.05 update 1 (build 106)
Hex Converter:   FromElf.exe V5.05 update 1 (build 106)
CPU DLL:         SARMCM3.DLL V5.14.0.0
Dialog DLL:      DCM.DLL V1.13.1.0
Target DLL:      CMSIS_AGDI.dll V1.21.0.0
Dialog DLL:      TCM.DLL V1.14.4.0
 
<h2>Project:</h2>
F:\微信文件\WeChat Files\sahaiata\FileStorage\File\2019-12\lll_sss-embedded_practice-master\embedded_practice\嵌入式实践\程序代码\test\Project\RVMDK（uv5）\Fire_uCOS.uvprojx
Project File Date:  12/17/2019

<h2>Output:</h2>
Rebuild target 'Fire_uCOS'
assembling startup_stm32f40xx.s...
compiling system_stm32f4xx.c...
compiling misc.c...
compiling stm32f4xx_adc.c...
compiling stm32f4xx_can.c...
compiling stm32f4xx_cec.c...
compiling stm32f4xx_crc.c...
compiling stm32f4xx_cryp.c...
compiling stm32f4xx_cryp_aes.c...
compiling stm32f4xx_cryp_des.c...
compiling stm32f4xx_cryp_tdes.c...
compiling stm32f4xx_dac.c...
compiling stm32f4xx_dbgmcu.c...
compiling stm32f4xx_dcmi.c...
compiling stm32f4xx_dma.c...
compiling stm32f4xx_exti.c...
compiling stm32f4xx_flash.c...
compiling stm32f4xx_flash_ramfunc.c...
compiling stm32f4xx_fmpi2c.c...
compiling stm32f4xx_fsmc.c...
compiling stm32f4xx_gpio.c...
compiling stm32f4xx_hash.c...
compiling stm32f4xx_hash_md5.c...
compiling stm32f4xx_hash_sha1.c...
compiling stm32f4xx_i2c.c...
compiling stm32f4xx_iwdg.c...
compiling stm32f4xx_pwr.c...
compiling stm32f4xx_qspi.c...
compiling stm32f4xx_rcc.c...
compiling stm32f4xx_rng.c...
compiling stm32f4xx_rtc.c...
compiling stm32f4xx_sai.c...
compiling stm32f4xx_sdio.c...
compiling stm32f4xx_spdifrx.c...
compiling stm32f4xx_spi.c...
compiling stm32f4xx_syscfg.c...
compiling stm32f4xx_tim.c...
compiling stm32f4xx_usart.c...
compiling stm32f4xx_wwdg.c...
compiling stm32f4xx_it.c...
..\..\User\BSP\./beep/bsp_beep.h(14): warning:  #47-D: incompatible redefinition of macro "ON" (declared at line 29 of "..\..\User\BSP\led\bsp_led.h")
  #define ON  1
..\..\User\BSP\./beep/bsp_beep.h(15): warning:  #47-D: incompatible redefinition of macro "OFF" (declared at line 30 of "..\..\User\BSP\led\bsp_led.h")
  #define OFF 0
..\..\User\stm32f4xx_it.c(160): warning:  #177-D: variable "err" was declared but never referenced
    OS_ERR   err;
..\..\User\stm32f4xx_it.c(193): warning:  #177-D: variable "err" was declared but never referenced
    OS_ERR   err;
..\..\User\stm32f4xx_it.c: 4 warnings, 0 errors
compiling app.c...
..\..\User\BSP\./beep/bsp_beep.h(14): warning:  #47-D: incompatible redefinition of macro "ON" (declared at line 29 of "..\..\User\BSP\led\bsp_led.h")
  #define ON  1
..\..\User\BSP\./beep/bsp_beep.h(15): warning:  #47-D: incompatible redefinition of macro "OFF" (declared at line 30 of "..\..\User\BSP\led\bsp_led.h")
  #define OFF 0
..\..\User\APP\app.c(372): warning:  #550-D: variable "ts_int" was set but never used
        CPU_TS_TMR     ts_int;
..\..\User\APP\app.c(373): warning:  #550-D: variable "cpu_clk_freq" was set but never used
        CPU_INT32U     cpu_clk_freq;
..\..\User\APP\app.c(417): warning:  #177-D: variable "value" was declared but never referenced
        OS_REG      value;      
..\..\User\APP\app.c(444): warning:  #177-D: variable "value" was declared but never referenced
        OS_REG      value;
..\..\User\APP\app.c(473): warning:  #177-D: variable "value" was declared but never referenced
        OS_REG      value;
..\..\User\APP\app.c(495): warning:  #177-D: variable "cpu_sr" was declared but never referenced
        CPU_SR_ALLOC();      //使用到临界段（在关/开中断时）时必需该宏，该宏声明和定义一个局部变
..\..\User\APP\app.c(545): warning:  #177-D: variable "value" was declared but never referenced
        OS_REG      value;
..\..\User\APP\app.c: 9 warnings, 0 errors
compiling os_app_hooks.c...
compiling bsp_led.c...
compiling bsp.c...
..\..\User\BSP\./beep/bsp_beep.h(14): warning:  #47-D: incompatible redefinition of macro "ON" (declared at line 29 of "..\..\User\BSP\led\bsp_led.h")
  #define ON  1
..\..\User\BSP\./beep/bsp_beep.h(15): warning:  #47-D: incompatible redefinition of macro "OFF" (declared at line 30 of "..\..\User\BSP\led\bsp_led.h")
  #define OFF 0
..\..\User\BSP\bsp.c: 2 warnings, 0 errors
compiling bsp_debug_usart.c...
compiling bsp_key.c...
compiling bsp_exti.c...
compiling bsp_beep.c...
compiling bsp_adc.c...
compiling cpu_core.c...
assembling cpu_a.asm...
compiling cpu_c.c...
compiling lib_ascii.c...
compiling lib_math.c...
compiling lib_mem.c...
compiling lib_str.c...
assembling lib_mem_a.asm...
compiling os_cfg_app.c...
compiling os_core.c...
compiling os_dbg.c...
compiling os_flag.c...
compiling os_int.c...
compiling os_mem.c...
compiling os_msg.c...
compiling os_mutex.c...
compiling os_pend_multi.c...
compiling os_prio.c...
compiling os_q.c...
compiling os_sem.c...
compiling os_stat.c...
compiling os_task.c...
compiling os_tick.c...
compiling os_time.c...
compiling os_tmr.c...
compiling os_var.c...
assembling os_cpu_a.asm...
compiling os_cpu_c.c...
linking...
Program Size: Code=33052 RO-data=936 RW-data=320 ZI-data=28120  
FromELF: creating hex file...
"..\..\Output\wzkFire_uCOS.axf" - 0 Error(s), 15 Warning(s).

<h2>Collection of Component include folders:</h2>
  F:\微信文件\WeChat Files\sahaiata\FileStorage\File\2019-12\lll_sss-embedded_practice-master\embedded_practice\嵌入式实践\程序代码\test\Project\RVMDK（uv5）\RTE
  D:\Keil_v5\ARM\PACK\Keil\STM32F4xx_DFP\2.5.0

<h2>Collection of Component Files used:</h2>
</pre>
</body>
</html>
