<html>
<body>
<pre>
<h1>礦ision Build Log</h1>
<h2>Tool Versions:</h2>
IDE-Version: μVision V5.14.0.0
Copyright (C) 2015 ARM Ltd and ARM Germany GmbH. All rights reserved.
License Information: 1 39643, 1, LIC=1WSAR-KSVVP-MQH0F-65QPD-MR377-XZXRI
 
Tool Versions:
Toolchain:       MDK-ARM Professional  Version: 5.14.0.0
Toolchain Path:  D:\Keil_v5\ARM\ARMCC\Bin
C Compiler:      Armcc.exe V5.05 update 1 (build 106)
Assembler:       Armasm.exe V5.05 update 1 (build 106)
Linker/Locator:  ArmLink.exe V5.05 update 1 (build 106)
Library Manager: ArmAr.exe V5.05 update 1 (build 106)
Hex Converter:   FromElf.exe V5.05 update 1 (build 106)
CPU DLL:         SARMCM3.DLL V5.14.0.0
Dialog DLL:      DCM.DLL V1.13.1.0
Target DLL:      CMSIS_AGDI.dll V1.21.0.0
Dialog DLL:      TCM.DLL V1.14.4.0
 
<h2>Project:</h2>
F:\Github\MyRepo\ESOP\程序代码\Project\RVMDK（uv5）\Fire_uCOS.uvprojx
Project File Date:  12/26/2019

<h2>Output:</h2>
Build target 'Fire_uCOS'
compiling app.c...
..\..\User\BSP\./beep/bsp_beep.h(14): warning:  #47-D: incompatible redefinition of macro "ON" (declared at line 29 of "..\..\User\BSP\led\bsp_led.h")
  #define ON  1
..\..\User\BSP\./beep/bsp_beep.h(15): warning:  #47-D: incompatible redefinition of macro "OFF" (declared at line 30 of "..\..\User\BSP\led\bsp_led.h")
  #define OFF 0
..\..\User\APP\app.c(73): warning:  #550-D: variable "con" was set but never used
        struct connection con;
..\..\User\APP\app.c(385): warning:  #550-D: variable "ts_int" was set but never used
        CPU_TS_TMR     ts_int;
..\..\User\APP\app.c(386): warning:  #550-D: variable "cpu_clk_freq" was set but never used
        CPU_INT32U     cpu_clk_freq;
..\..\User\APP\app.c(430): warning:  #177-D: variable "value" was declared but never referenced
        OS_REG      value;      
..\..\User\APP\app.c(458): warning:  #177-D: variable "value" was declared but never referenced
        OS_REG      value;
..\..\User\APP\app.c(487): warning:  #177-D: variable "value" was declared but never referenced
        OS_REG      value;
..\..\User\APP\app.c(509): warning:  #177-D: variable "cpu_sr" was declared but never referenced
        CPU_SR_ALLOC();      //使用到临界段（在关/开中断时）时必需该宏，该宏声明和定义一个局部变
..\..\User\APP\app.c(566): warning:  #177-D: variable "value" was declared but never referenced
        OS_REG      value;
..\..\User\APP\app.c: 10 warnings, 0 errors
linking...
Program Size: Code=33364 RO-data=936 RW-data=324 ZI-data=28324  
FromELF: creating hex file...
"..\..\Output\wzkFire_uCOS.axf" - 0 Error(s), 10 Warning(s).

<h2>Collection of Component include folders:</h2>
  F:\Github\MyRepo\ESOP\程序代码\Project\RVMDK（uv5）\RTE
  D:\Keil_v5\ARM\PACK\Keil\STM32F4xx_DFP\2.5.0

<h2>Collection of Component Files used:</h2>
</pre>
</body>
</html>
